// Jest Snapshot v1, https://goo.gl/fbAQLP

exports[`should render Header correctly 1`] = `
<header>
  <div
    className="container"
  >
    <nav
      className="navbar"
    >
      <div
        className="navbar-brand mr-6"
      >
        <NavLink
          className="navbar-item"
          to="/"
        >
          <img
            alt="react-logo"
            className="app-logo"
            src="./logo"
          />
          React app
        </NavLink>
        <div
          className="navbar-burger"
          data-target="navbar-menu"
          onClick={[Function]}
        >
          <span />
          <span />
          <span />
        </div>
      </div>
      <div
        className="navbar-menu "
        id="navbar-menu"
      >
        <div
          className="navbar-end"
        >
          <NavLink
            activeClassName="active-item"
            className="navbar-item"
            key="/item1"
            to="/item1"
          >
            Item1
          </NavLink>
          <NavLink
            activeClassName="active-item"
            className="navbar-item"
            key="/item2"
            to="/item2"
          >
            Item2
          </NavLink>
        </div>
      </div>
    </nav>
  </div>
</header>
`;
